// Jest Snapshot v1, https://goo.gl/fbAQLP

exports[`Login 1`] = `
<div>
  <div
    class="headspace"
  >
    <div
      class="personal-space"
    >
      <div>
        <div
          class="google-button"
        >
          <div
            class="google-signin-wrapper"
          >
            <div
              class="google-signin-button-icon"
            >
              <div
                class="google-signin-button-image abcRioButtonSvgImageWithFallback abcRioButtonIconImage abcRioButtonIconImage18"
              >
                <svg
                  class="google-svg"
                  height="18px"
                  version="1.1"
                  viewBox="0 0 48 48"
                  width="18px"
                  xmlns="http://www.w3.org/2000/svg"
                >
                  <g>
                    <path
                      d="M24 9.5c3.54 0 6.71 1.22 9.21 3.6l6.85-6.85C35.9 2.38 30.47 0 24 0 14.62 0 6.51 5.38 2.56 13.22l7.98 6.19C12.43 13.72 17.74 9.5 24 9.5z"
                      fill="#EA4335"
                    />
                    <path
                      d="M46.98 24.55c0-1.57-.15-3.09-.38-4.55H24v9.02h12.94c-.58 2.96-2.26 5.48-4.78 7.18l7.73 6c4.51-4.18 7.09-10.36 7.09-17.65z"
                      fill="#4285F4"
                    />
                    <path
                      d="M10.53 28.59c-.48-1.45-.76-2.99-.76-4.59s.27-3.14.76-4.59l-7.98-6.19C.92 16.46 0 20.12 0 24c0 3.88.92 7.54 2.56 10.78l7.97-6.19z"
                      fill="#FBBC05"
                    />
                    <path
                      d="M24 48c6.48 0 11.93-2.13 15.89-5.81l-7.73-6c-2.15 1.45-4.92 2.3-8.16 2.3-6.26 0-11.57-4.22-13.47-9.91l-7.98 6.19C6.51 42.62 14.62 48 24 48z"
                      fill="#34A853"
                    />
                    <path
                      d="M0 0h48v48H0z"
                      fill="none"
                    />
                  </g>
                </svg>
              </div>
            </div>
            <div
              class="google-button-contents"
            >
              Sign in with Google
            </div>
          </div>
        </div>
      </div>
    </div>
    <div>
      <div
        class="personal-space"
      >
        <p
          class="head-space"
        >
          Sign in with email
        </p>
        <form
          class=""
        >
          <div
            class="form-row"
          >
            <label
              class="form-label"
            >
              Your email
            </label>
            <input
              autocomplete="username"
              class="form-control form-bottom-space form-control"
              id="signin_email"
              value=""
            />
            <label
              class="form-label"
            >
              Password
            </label>
            <input
              autocomplete="current-password"
              class="form-control form-bottom-space form-control"
              id="signin_password"
              type="password"
              value=""
            />
            <button
              class="btn btn-primary"
              type="button"
            >
              Sign in
            </button>
          </div>
        </form>
      </div>
      <hr />
    </div>
    <div
      class="personal-space"
    >
      <p
        class="head-space"
      >
        Or, sign up with email 
      </p>
      <form
        class=""
      >
        <div
          class="form-row"
        >
          <label
            class="form-label"
          >
            Your name
          </label>
          <input
            class="form-control form-bottom-space form-control"
            id="signup_name"
            value=""
          />
        </div>
        <div
          class="form-row"
        >
          <label
            class="form-label"
          >
            Your email
          </label>
          <input
            autocomplete="username"
            class="form-control form-bottom-space form-control"
            id="signup_email"
            value=""
          />
        </div>
        <div
          class="form-row"
        >
          <label
            class="form-label"
          >
            Password
          </label>
          <input
            autocomplete="current-password"
            class="form-control form-bottom-space form-control"
            id="signup_password"
            type="password"
            value=""
          />
        </div>
        <div
          class="form-row"
        >
          <button
            class="btn btn-primary"
            type="button"
          >
            Sign up
          </button>
        </div>
      </form>
    </div>
  </div>
</div>
`;
