// Jest Snapshot v1, https://goo.gl/fbAQLP

exports[`Sounds 1`] = `undefined`;
