// Jest Snapshot v1, https://goo.gl/fbAQLP

exports[`ActivityButton 1`] = `undefined`;
