// Jest Snapshot v1, https://goo.gl/fbAQLP

exports[`FindTheWOrds 1`] = `undefined`;
