// Jest Snapshot v1, https://goo.gl/fbAQLP

exports[`HowToPronounce 1`] = `undefined`;
