// Jest Snapshot v1, https://goo.gl/fbAQLP

exports[`MailChimpCustom 1`] = `undefined`;
