// Jest Snapshot v1, https://goo.gl/fbAQLP

exports[`MemberGate authorised 1`] = `undefined`;
