// Jest Snapshot v1, https://goo.gl/fbAQLP

exports[`Movie 1`] = `undefined`;
