// Jest Snapshot v1, https://goo.gl/fbAQLP

exports[`NavBar 1`] = `
<div>
  <nav
    class="justify-content-between navbar navbar-expand navbar-dark bg-dark"
  >
    <a
      class="navbar-brand"
      href="/home"
    >
      Pronounce Web
    </a>
    <button
      aria-controls="basic-navbar-nav"
      aria-label="Toggle navigation"
      class="navbar-toggler"
      type="button"
    >
      <span
        class="navbar-toggler-icon"
      />
    </button>
    <div
      class="justify-content-end navbar-collapse collapse"
    >
      <div
        class="navbar-nav"
      >
        <form
          class="form-inline"
        >
          <button
            class="btn btn-outline-info"
            color="inherit"
            type="button"
          >
            Sign Out
          </button>
        </form>
      </div>
    </div>
  </nav>
</div>
`;
