// Jest Snapshot v1, https://goo.gl/fbAQLP

exports[`NewsStories 1`] = `undefined`;
