// Jest Snapshot v1, https://goo.gl/fbAQLP

exports[`OddOneOut 1`] = `
<div>
  <div
    class="head-space"
  >
    <h3>
      The Odd One Out using long-a - 
      <span>
        a:
      </span>
       
    </h3>
    <h4>
      <span>
        Select the words that 
      </span>
      <span
        class="hilite"
      >
        DON'T
      </span>
      <span>
         have the long-a – a: sound.
      </span>
       
    </h4>
    <br />
    <p>
      Can you spot the difference? In each group of words there are three with the long-a vowel sound and one with a different vowel sound. Say the words and choose the one that doesn’t sound the same as the others. Advance to the next level with more challenging words. Odd One Out encourages you to identify the differences between words with similar sounding vowels.
    </p>
    <div>
      <h4
        class="head=space text-center"
      >
        Example
      </h4>
      <table
        class="table"
      >
        <thead
          class="th-bg"
        >
          <tr>
            <td
              class="cell"
            >
              <p>
                <span>
                  three
                </span>
                 
              </p>
            </td>
            <td
              class="cell"
            >
              <p>
                <span>
                  blind
                </span>
                 
              </p>
            </td>
            <td
              class="cell hilite"
            >
              <p>
                <span>
                  moice
                </span>
                 
              </p>
            </td>
          </tr>
        </thead>
        <tbody>
          <tr>
            <td
              class="cell"
            >
              <p>
                <span>
                  the
                </span>
                 
              </p>
            </td>
            <td
              class="cell"
            >
              <p>
                <span>
                  cat
                </span>
                 
              </p>
            </td>
            <td
              class="cell"
            >
              <p>
                <span>
                  sat
                </span>
                 
              </p>
            </td>
          </tr>
          <tr>
            <td
              class="cell"
            >
              <p>
                <span>
                  on
                </span>
                 
              </p>
            </td>
            <td
              class="cell"
            >
              <p>
                <span>
                  the
                </span>
                 
              </p>
            </td>
            <td
              class="cell"
            >
              <p>
                <span>
                  mat
                </span>
                 
              </p>
            </td>
          </tr>
        </tbody>
      </table>
    </div>
  </div>
</div>
`;
