// Jest Snapshot v1, https://goo.gl/fbAQLP

exports[`Pending 1`] = `
<div>
  <div
    class="head-space"
  >
    <div>
      <h3
        class="personals-pace"
      >
        Bob's Burgers - activity coming soon
      </h3>
    </div>
  </div>
</div>
`;
