// Jest Snapshot v1, https://goo.gl/fbAQLP

exports[`Phrases 1`] = `undefined`;
