// Jest Snapshot v1, https://goo.gl/fbAQLP

exports[`Picker 1`] = `
<div>
  <span
    class="clickable red"
  >
    dog
  </span>
</div>
`;
