// Jest Snapshot v1, https://goo.gl/fbAQLP

exports[`SEO 1`] = `undefined`;
