// Jest Snapshot v1, https://goo.gl/fbAQLP

exports[`SoundTitle 1`] = `
Object {
  "container": <div>
    <h3>
      <span>
        Bob
      </span>
       
       - 
      <span>
        The cat in the hat
      </span>
       
    </h3>
  </div>,
}
`;
