// Jest Snapshot v1, https://goo.gl/fbAQLP

exports[`SplitHilite 1`] = `
<div>
  <span>
    pl
  </span>
  <span
    class="hilite"
  >
    i
  </span>
  <span>
    zzz
  </span>
  <span
    class="hilite"
  >
    i
  </span>
  <span>
    sed
  </span>
   
</div>
`;
