// Jest Snapshot v1, https://goo.gl/fbAQLP

exports[`Words 1`] = `
<div>
  <div
    class="makeStyles-headspace-1"
  >
    <h5
      class="MuiTypography-root MuiTypography-h5 MuiTypography-gutterBottom"
    >
      Words using 
      <span>
        Pirate
      </span>
       
    </h5>
    <div
      class="MuiPaper-root MuiPaper-elevation1 makeStyles-subCanvas-3 MuiPaper-rounded"
    >
      <table
        class="MuiTable-root"
      >
        <tbody
          class="MuiTableBody-root"
        >
          <tr
            class="MuiTableRow-root"
          >
            <td
              class="MuiTableCell-root MuiTableCell-body"
            >
              <p
                class="MuiTypography-root makeStyles-largeText-2 MuiTypography-body1"
              >
                <span>
                  0
                </span>
                 
              </p>
            </td>
            <td
              class="MuiTableCell-root MuiTableCell-body"
            >
              <p
                class="MuiTypography-root makeStyles-largeText-2 MuiTypography-body1"
              >
                <span>
                  car
                </span>
                 
              </p>
            </td>
          </tr>
          <tr
            class="MuiTableRow-root"
          >
            <td
              class="MuiTableCell-root MuiTableCell-body"
            >
              <p
                class="MuiTypography-root makeStyles-largeText-2 MuiTypography-body1"
              >
                <span>
                  1
                </span>
                 
              </p>
            </td>
            <td
              class="MuiTableCell-root MuiTableCell-body"
            >
              <p
                class="MuiTypography-root makeStyles-largeText-2 MuiTypography-body1"
              >
                <span>
                  cat
                </span>
                 
              </p>
            </td>
          </tr>
          <tr
            class="MuiTableRow-root"
          >
            <td
              class="MuiTableCell-root MuiTableCell-body"
            >
              <p
                class="MuiTypography-root makeStyles-largeText-2 MuiTypography-body1"
              >
                <span>
                  2
                </span>
                 
              </p>
            </td>
            <td
              class="MuiTableCell-root MuiTableCell-body"
            >
              <p
                class="MuiTypography-root makeStyles-largeText-2 MuiTypography-body1"
              >
                <span>
                  cad
                </span>
                 
              </p>
            </td>
          </tr>
          <tr
            class="MuiTableRow-root"
          >
            <td
              class="MuiTableCell-root MuiTableCell-body"
            >
              <p
                class="MuiTypography-root makeStyles-largeText-2 MuiTypography-body1"
              >
                <span>
                  3
                </span>
                 
              </p>
            </td>
            <td
              class="MuiTableCell-root MuiTableCell-body"
            >
              <p
                class="MuiTypography-root makeStyles-largeText-2 MuiTypography-body1"
              >
                <span>
                  cap
                </span>
                 
              </p>
            </td>
          </tr>
        </tbody>
      </table>
    </div>
  </div>
</div>
`;
