// Jest Snapshot v1, https://goo.gl/fbAQLP

exports[`SplitHilite 1`] = `
<span>
  pl
</span>
`;
