// Jest Snapshot v1, https://goo.gl/fbAQLP

exports[`MissingSounds 1`] = `
<div>
  <div
    class="headspace"
  >
    <h3>
      <span>
        Select the words that are 
      </span>
      <span
        class="hilite"
      >
        MISSING
      </span>
      <span>
         the short-a â€“ a: sound.
      </span>
       
    </h3>
    <div
      class="sub-canvas padded null"
    >
      <div
        class="cursor-pointer"
      >
        <div
          class="tile default-bg"
        >
          <p
            class="large-text"
          >
            <span>
              ran
            </span>
          </p>
        </div>
      </div>
      <div
        class="cursor-pointer"
      >
        <div
          class="tile default-bg"
        >
          <p
            class="large-text"
          >
            <span>
              answer
            </span>
          </p>
        </div>
      </div>
      <div
        class="cursor-pointer"
      >
        <div
          class="tile default-bg"
        >
          <p
            class="large-text"
          >
            <span>
              band
            </span>
          </p>
        </div>
      </div>
      <div
        class="cursor-pointer"
      >
        <div
          class="tile default-bg"
        >
          <p
            class="large-text"
          >
            <span>
              start
            </span>
          </p>
        </div>
      </div>
      <div
        class="cursor-pointer"
      >
        <div
          class="tile default-bg"
        >
          <p
            class="large-text"
          >
            <span>
              axe
            </span>
          </p>
        </div>
      </div>
      <div
        class="cursor-pointer"
      >
        <div
          class="tile default-bg"
        >
          <p
            class="large-text"
          >
            <span>
              all
            </span>
          </p>
        </div>
      </div>
      <div
        class="cursor-pointer"
      >
        <div
          class="tile default-bg"
        >
          <p
            class="large-text"
          >
            <span>
              thanks
            </span>
          </p>
        </div>
      </div>
      <div
        class="cursor-pointer"
      >
        <div
          class="tile default-bg"
        >
          <p
            class="large-text"
          >
            <span>
              black
            </span>
          </p>
        </div>
      </div>
      <div
        class="cursor-pointer"
      >
        <div
          class="tile default-bg"
        >
          <p
            class="large-text"
          >
            <span>
              table
            </span>
          </p>
        </div>
      </div>
      <div
        class="cursor-pointer"
      >
        <div
          class="tile default-bg"
        >
          <p
            class="large-text"
          >
            <span>
              name
            </span>
          </p>
        </div>
      </div>
      <div
        class="clear-float"
      />
    </div>
  </div>
</div>
`;
