// Jest Snapshot v1, https://goo.gl/fbAQLP

exports[`TongueTwisters 1`] = `
<div>
  <div
    class="head-space"
  >
    <h3>
      B! Tongue Twisters
    </h3>
    <p>
      Enjoy the challenge of Tongue Twisters. There are three tongue twisters to perfect the B! sound. Each tongue twister consists of commonly used English words and phrases for you to practice the B! sound. How fast can you say each B! tongue twister? Try to say each one as many times as you can, no mistakes. Record yourself and post your attempt to enter the challenge.
    </p>
    <div
      class="personal-space sub-canvas"
    >
      <p
        class="no-margin-bottom"
      >
        The cat can't cope crying
      </p>
    </div>
    <div
      class="personal-space sub-canvas"
    >
      <p
        class="no-margin-bottom"
      >
        My mum must make melon molasses
      </p>
    </div>
  </div>
</div>
`;
